// Jest Snapshot v1, https://goo.gl/fbAQLP

exports[`Component 1`] = `
<body>
  <div>
    <tr>
      <td>
        <span>
          âœ“
        </span>
      </td>
      <th
        class="InputName-module__inputName___31Pg-"
      />
      <td>
        <input
          value="hi"
        />
      </td>
      <td />
      <td />
    </tr>
  </div>
</body>
`;
